// Jest Snapshot v1, https://goo.gl/fbAQLP

exports[`Actor Rendering should match to snapshot 1`] = `
<FlatList
  data={Array []}
  disableVirtualization={false}
  horizontal={true}
  initialNumToRender={10}
  keyExtractor={[Function]}
  maxToRenderPerBatch={10}
  numColumns={1}
  onEndReachedThreshold={2}
  removeClippedSubviews={false}
  renderItem={[Function]}
  scrollEventThrottle={50}
  showsHorizontalScrollIndicator={false}
  updateCellsBatchingPeriod={50}
  windowSize={21}
/>
`;
